
> travelflow-pro@0.0.0 build
> tsc -b && vite build

src/components/ui/CurrencyConverter.tsx(109,83): error TS2322: Type '{ children: Element[]; className: string; gradient: string; }' is not assignable to type 'DetailedHTMLProps<HTMLAttributes<HTMLDivElement>, HTMLDivElement>'.
  Property 'gradient' does not exist on type 'DetailedHTMLProps<HTMLAttributes<HTMLDivElement>, HTMLDivElement>'.
src/components/ui/CurrencyConverter.tsx(109,99): error TS17001: JSX elements cannot have multiple attributes with the same name.
src/components/ui/OfflineManager.tsx(223,108): error TS17001: JSX elements cannot have multiple attributes with the same name.
src/features/community/CommunityView.tsx(122,83): error TS17001: JSX elements cannot have multiple attributes with the same name.
src/features/documents/DocumentsView.tsx(61,90): error TS17001: JSX elements cannot have multiple attributes with the same name.
src/features/documents/DocumentsView.tsx(70,90): error TS17001: JSX elements cannot have multiple attributes with the same name.
src/features/explore/ExploreView.tsx(499,83): error TS2322: Type '{ children: Element[]; className: string; gradient: string; glow: true; onClick: () => void; }' is not assignable to type 'DetailedHTMLProps<HTMLAttributes<HTMLDivElement>, HTMLDivElement>'.
  Property 'gradient' does not exist on type 'DetailedHTMLProps<HTMLAttributes<HTMLDivElement>, HTMLDivElement>'.
src/features/explore/ExploreView.tsx(499,106): error TS17001: JSX elements cannot have multiple attributes with the same name.
src/features/explore/ExploreView.tsx(569,79): error TS2322: Type '{ children: Element[]; className: string; gradient: string; onClick: () => void; }' is not assignable to type 'DetailedHTMLProps<HTMLAttributes<HTMLDivElement>, HTMLDivElement>'.
  Property 'gradient' does not exist on type 'DetailedHTMLProps<HTMLAttributes<HTMLDivElement>, HTMLDivElement>'.
src/features/explore/ExploreView.tsx(569,95): error TS17001: JSX elements cannot have multiple attributes with the same name.
src/features/explore/ExploreView.tsx(670,87): error TS2322: Type '{ children: Element[]; className: string; gradient: string; glow: true; }' is not assignable to type 'DetailedHTMLProps<HTMLAttributes<HTMLDivElement>, HTMLDivElement>'.
  Property 'gradient' does not exist on type 'DetailedHTMLProps<HTMLAttributes<HTMLDivElement>, HTMLDivElement>'.
src/features/explore/ExploreView.tsx(670,108): error TS17001: JSX elements cannot have multiple attributes with the same name.
src/features/explore/ExploreView.tsx(698,79): error TS2322: Type '{ children: Element[]; className: string; gradient: string; onClick: () => void; }' is not assignable to type 'DetailedHTMLProps<HTMLAttributes<HTMLDivElement>, HTMLDivElement>'.
  Property 'gradient' does not exist on type 'DetailedHTMLProps<HTMLAttributes<HTMLDivElement>, HTMLDivElement>'.
src/features/explore/ExploreView.tsx(698,97): error TS17001: JSX elements cannot have multiple attributes with the same name.
src/features/explore/ExploreView.tsx(754,94): error TS17001: JSX elements cannot have multiple attributes with the same name.
src/features/hotels/HotelsView.tsx(310,114): error TS17001: JSX elements cannot have multiple attributes with the same name.
src/features/hotels/HotelsView.tsx(451,67): error TS17001: JSX elements cannot have multiple attributes with the same name.
src/features/packing/PackingView.tsx(83,75): error TS2322: Type '{ children: Element[]; className: string; gradient: string; glow: true; }' is not assignable to type 'DetailedHTMLProps<HTMLAttributes<HTMLDivElement>, HTMLDivElement>'.
  Property 'gradient' does not exist on type 'DetailedHTMLProps<HTMLAttributes<HTMLDivElement>, HTMLDivElement>'.
src/features/packing/PackingView.tsx(83,96): error TS17001: JSX elements cannot have multiple attributes with the same name.
src/features/packing/PackingView.tsx(168,105): error TS17001: JSX elements cannot have multiple attributes with the same name.
src/features/planner/PlannerView.tsx(150,95): error TS17001: JSX elements cannot have multiple attributes with the same name.
src/features/planner/PlannerView.tsx(693,79): error TS2322: Type '{ children: Element[]; className: string; gradient: string; }' is not assignable to type 'DetailedHTMLProps<HTMLAttributes<HTMLDivElement>, HTMLDivElement>'.
  Property 'gradient' does not exist on type 'DetailedHTMLProps<HTMLAttributes<HTMLDivElement>, HTMLDivElement>'.
src/features/planner/PlannerView.tsx(693,95): error TS17001: JSX elements cannot have multiple attributes with the same name.
src/features/planner/PlannerView.tsx(704,79): error TS2322: Type '{ children: Element[]; className: string; gradient: string; }' is not assignable to type 'DetailedHTMLProps<HTMLAttributes<HTMLDivElement>, HTMLDivElement>'.
  Property 'gradient' does not exist on type 'DetailedHTMLProps<HTMLAttributes<HTMLDivElement>, HTMLDivElement>'.
src/features/planner/PlannerView.tsx(704,97): error TS17001: JSX elements cannot have multiple attributes with the same name.
src/features/planner/PlannerView.tsx(739,93): error TS17001: JSX elements cannot have multiple attributes with the same name.
src/features/planner/PlannerView.tsx(798,87): error TS17001: JSX elements cannot have multiple attributes with the same name.
src/features/planner/PlannerView.tsx(829,87): error TS17001: JSX elements cannot have multiple attributes with the same name.
src/features/planner/PlannerView.tsx(886,99): error TS17001: JSX elements cannot have multiple attributes with the same name.
src/features/planner/PlannerView.tsx(1038,71): error TS2322: Type '{ children: (false | Element)[]; className: string; gradient: string; }' is not assignable to type 'DetailedHTMLProps<HTMLAttributes<HTMLDivElement>, HTMLDivElement>'.
  Property 'gradient' does not exist on type 'DetailedHTMLProps<HTMLAttributes<HTMLDivElement>, HTMLDivElement>'.
src/features/planner/PlannerView.tsx(1038,89): error TS17001: JSX elements cannot have multiple attributes with the same name.
src/features/profile/ProfileView.tsx(403,113): error TS2322: Type '{ children: Element[]; className: string; hover: boolean; }' is not assignable to type 'DetailedHTMLProps<HTMLAttributes<HTMLDivElement>, HTMLDivElement>'.
  Property 'hover' does not exist on type 'DetailedHTMLProps<HTMLAttributes<HTMLDivElement>, HTMLDivElement>'.
src/features/profile/ProfileView.tsx(423,107): error TS2322: Type '{ children: Element[]; className: string; hover: boolean; }' is not assignable to type 'DetailedHTMLProps<HTMLAttributes<HTMLDivElement>, HTMLDivElement>'.
  Property 'hover' does not exist on type 'DetailedHTMLProps<HTMLAttributes<HTMLDivElement>, HTMLDivElement>'.
src/features/profile/ProfileView.tsx(461,87): error TS2322: Type '{ children: Element; className: string; hover: boolean; }' is not assignable to type 'DetailedHTMLProps<HTMLAttributes<HTMLDivElement>, HTMLDivElement>'.
  Property 'hover' does not exist on type 'DetailedHTMLProps<HTMLAttributes<HTMLDivElement>, HTMLDivElement>'.
src/features/profile/ProfileView.tsx(504,45): error TS17001: JSX elements cannot have multiple attributes with the same name.
src/features/profile/ProfileView.tsx(510,45): error TS2322: Type '{ children: (false | Element)[]; className: string; hover: boolean; }' is not assignable to type 'DetailedHTMLProps<HTMLAttributes<HTMLDivElement>, HTMLDivElement>'.
  Property 'hover' does not exist on type 'DetailedHTMLProps<HTMLAttributes<HTMLDivElement>, HTMLDivElement>'.
src/features/profile/ProfileView.tsx(583,103): error TS2322: Type '{ children: Element; className: string; hover: boolean; }' is not assignable to type 'DetailedHTMLProps<HTMLAttributes<HTMLDivElement>, HTMLDivElement>'.
  Property 'hover' does not exist on type 'DetailedHTMLProps<HTMLAttributes<HTMLDivElement>, HTMLDivElement>'.
src/features/profile/ProfileView.tsx(617,108): error TS17001: JSX elements cannot have multiple attributes with the same name.
src/features/profile/ProfileView.tsx(637,99): error TS2322: Type '{ children: Element[]; className: string; hover: boolean; }' is not assignable to type 'DetailedHTMLProps<HTMLAttributes<HTMLDivElement>, HTMLDivElement>'.
  Property 'hover' does not exist on type 'DetailedHTMLProps<HTMLAttributes<HTMLDivElement>, HTMLDivElement>'.
src/features/safety/SafetyView.tsx(410,79): error TS2322: Type '{ children: Element[]; className: string; gradient: string; }' is not assignable to type 'DetailedHTMLProps<HTMLAttributes<HTMLDivElement>, HTMLDivElement>'.
  Property 'gradient' does not exist on type 'DetailedHTMLProps<HTMLAttributes<HTMLDivElement>, HTMLDivElement>'.
src/features/safety/SafetyView.tsx(410,96): error TS17001: JSX elements cannot have multiple attributes with the same name.
src/features/safety/SafetyView.tsx(437,95): error TS17001: JSX elements cannot have multiple attributes with the same name.
src/features/safety/SafetyView.tsx(585,67): error TS17001: JSX elements cannot have multiple attributes with the same name.
src/features/safety/SafetyView.tsx(710,96): error TS17001: JSX elements cannot have multiple attributes with the same name.
src/features/visa/VisaView.tsx(109,75): error TS2322: Type '{ children: Element[]; className: string; gradient: string; glow: true; }' is not assignable to type 'DetailedHTMLProps<HTMLAttributes<HTMLDivElement>, HTMLDivElement>'.
  Property 'gradient' does not exist on type 'DetailedHTMLProps<HTMLAttributes<HTMLDivElement>, HTMLDivElement>'.
src/features/visa/VisaView.tsx(109,96): error TS17001: JSX elements cannot have multiple attributes with the same name.
src/features/wallet/WalletView.tsx(155,71): error TS2322: Type '{ children: (false | Element | null)[]; className: string; gradient: string; glow: true; }' is not assignable to type 'DetailedHTMLProps<HTMLAttributes<HTMLDivElement>, HTMLDivElement>'.
  Property 'gradient' does not exist on type 'DetailedHTMLProps<HTMLAttributes<HTMLDivElement>, HTMLDivElement>'.
src/features/wallet/WalletView.tsx(155,93): error TS17001: JSX elements cannot have multiple attributes with the same name.
src/features/wallet/WalletView.tsx(644,63): error TS2322: Type '{ children: (false | Element)[]; className: string; gradient: string; glow: true; }' is not assignable to type 'DetailedHTMLProps<HTMLAttributes<HTMLDivElement>, HTMLDivElement>'.
  Property 'gradient' does not exist on type 'DetailedHTMLProps<HTMLAttributes<HTMLDivElement>, HTMLDivElement>'.
src/features/wallet/WalletView.tsx(644,85): error TS17001: JSX elements cannot have multiple attributes with the same name.
src/features/wallet/WalletView.tsx(769,71): error TS2322: Type '{ children: Element[]; className: string; gradient: string; }' is not assignable to type 'DetailedHTMLProps<HTMLAttributes<HTMLDivElement>, HTMLDivElement>'.
  Property 'gradient' does not exist on type 'DetailedHTMLProps<HTMLAttributes<HTMLDivElement>, HTMLDivElement>'.
src/features/wallet/WalletView.tsx(769,89): error TS17001: JSX elements cannot have multiple attributes with the same name.
